57159360
943853400
1598400
135539712
3557520
80294400
105235200
685776168
2575440
18239760
1828008000
1429937280
963984
258041700
4644864
172519200
1413720
152797680
1619595000
2695987008
32503464
54810000
580741920
3668132160
52996608
62298720
116251488
1127808
873250560
896116320
1708344000
516970080
1962208512
1569229200
1914137280
8554560
728232960
474760440
1280386800
369720
52141320
360720000
249651072
1043467200
168505920
523367460
1899651600
12180600
530012160
1107963360
7920
24850800
332690400
1976832
12806400
2284405200
561792
316488960
72349500
202180860
334189800
236139840
3492720
581288400
10124928
13158000
98461440
36604800
531288000
202444704
15586560
1695168
1069438464
471388500
1292363424
1489224528
276100704
1153867680
84068160
1944072
323090856
152772480
646732800
50232960
179490528
45570720
294066960
352516608
46754820
46200240
8690400
9575280
644142240
882660240
543816504
379224000
44640288
49146048
707876928
18817920
