(-1,2)
(0,0)
(4,7)
(-7,-4)
(1,-1)
(1,1)
(0,1)
(0,0)
